                                                                           
 Error: Client error (code: 400): This is likely due to an invalid address 
 or the voter information project not being up to date                     
 Please check https://all.votinginfotool.org                               
 Press any key to continue...                                              
                                                                           