                                                                                
 ┌──────────────────────────────────────┬─────────────────────────────────────┐ 
 │              \x1b[1;38;5;205mgovote.sh\x1b[m               │             \x1b[38;5;205m[ESC]\x1b[m \x1b[38;5;240mBack\x1b[m              │ 
 └──────────────────────────────────────┴─────────────────────────────────────┘ 
 \x1b[1;38;5;205mContest Details\x1b[m                                                                
 \x1b[38;5;255mBallot Title\x1b[m: \x1b[38;5;63mGovernor\x1b[m                                                         
 \x1b[38;5;255mOffice\x1b[m: \x1b[38;5;63mGovernor\x1b[m                                                               
 \x1b[1;38;5;205mCandidates\x1b[m                                                                     
 \x1b[1;38;5;205mName                                         \x1b[m\x1b[1;38;5;205mParty               \x1b[m              
 \x1b[38;5;255mAlex Doe                                     \x1b[m\x1b[38;5;255mIndependent         \x1b[m              
                                                                                
                                                                                
                                                                                
                                                                                
                                                                                
                                                                                
                                                                                
                                                                                
                                                                                