                                                                                
 ┌───────────────────┬──────────────────┬──────────────────┬──────────────────┐ 
 │     \x1b[1;38;5;205mgovote.sh\x1b[m     │     \x1b[38;5;205m[V]\x1b[m \x1b[38;5;240mVote\x1b[m     │   \x1b[38;5;205m[C]\x1b[m \x1b[1;38;5;205mContests\x1b[m   │   \x1b[38;5;205m[R]\x1b[m \x1b[38;5;240mRegister\x1b[m   │ 
 └───────────────────┴──────────────────┴──────────────────┴──────────────────┘ 
   \x1b[48;5;62m \x1b[m\x1b[38;5;230;48;5;62mList\x1b[m\x1b[48;5;62m \x1b[m                                                                       
                                                                                
   \x1b[38;2;119;119;119m1 item\x1b[m                                                                       
                                                                                
 \x1b[38;2;173;88;180m│\x1b[m \x1b[38;2;238;111;248mGovernor\x1b[m                                                                     
 \x1b[38;2;173;88;180m│\x1b[m \x1b[38;2;173;88;180mGovernor\x1b[m                                                                     
                                                                                
                                                                                
                                                                                
                                                                                
                                                                                
                                                                                
                                                                                
                                                                                
                                                                                
                                                                                
                                                                                
                                                                                
                                                                                
   \x1b[38;2;98;98;98m↑/k\x1b[m \x1b[38;2;74;74;74mup\x1b[m\x1b[38;2;60;60;60m • \x1b[m\x1b[38;2;98;98;98m↓/j\x1b[m \x1b[38;2;74;74;74mdown\x1b[m\x1b[38;2;60;60;60m • \x1b[m\x1b[38;2;98;98;98m/\x1b[m \x1b[38;2;74;74;74mfilter\x1b[m\x1b[38;2;60;60;60m • \x1b[m\x1b[38;2;98;98;98mq\x1b[m \x1b[38;2;74;74;74mquit\x1b[m\x1b[38;2;60;60;60m • \x1b[m\x1b[38;2;98;98;98m?\x1b[m \x1b[38;2;74;74;74mmore\x1b[m                               